// Jest Snapshot v1, https://goo.gl/fbAQLP

exports[`matches snapshot 1`] = `
<DocumentFragment>
  <div
    class="sc-brqgnP joMbJc"
    style="display: none;"
  />
  <div
    class="sc-gqjmRU dWzuwP"
  >
    <div
      class="sc-VigVT kTDZkf"
    >
      <div
        class="sc-gZMcBi hnpcEz"
      >
        <div />
        <div />
        <div />
        <div />
      </div>
      <p
        class="sc-jTzLTM dIxyfe"
        data-testid="message"
      >
        Loading App...
      </p>
      <span />
    </div>
    <img
      alt="avatar"
      src="/images/avatar.png"
    />
  </div>
</DocumentFragment>
`;

exports[`matches snapshot 2`] = `
<DocumentFragment>
  <p>
    Loading...
  </p>
</DocumentFragment>
`;
